Running Gradle task 'bundleRelease'...                          
flutter : Warning: Flutter support for your project's Kotlin version (2.0.0) will soon be dropped. 
Please upgrade your Kotlin version to a version of at least 2.1.0 soon.
At line:1 char:83
+ ... cardio_aid; flutter build appbundle --release > build_output.txt 2>&1 ...
+                 ~~~~~~~~~~~~~~~~~~~~~~~~~~~~~~~~~~~~~~~~~~~~~~~~~~~~~~~~~
    + CategoryInfo          : NotSpecified: (Warning: Flutte...ast 2.1.0 soon.:String) [], RemoteExc 
   eption
    + FullyQualifiedErrorId : NativeCommandError
 
Alternatively, use the flag "--android-skip-build-dependency-validation" to bypass this check.

Potential fix: Your project's KGP version is typically defined in the plugins block of the 
`settings.gradle` file (C:\cardio_aid\android/settings.gradle), by a plugin with the id of 
org.jetbrains.kotlin.android. 
If you don't see a plugins block, your project was likely created with an older template version, in 
which case it is most likely defined in the top-level build.gradle file 
(C:\cardio_aid\android/build.gradle) by the ext.kotlin_version property.

e: Incompatible classes were found in dependencies. Remove them from the classpath or use 
'-Xskip-metadata-version-check' to suppress errors
e: file:///C:/Users/Lenovo/.gradle/caches/transforms-4/c1713d6f1caaed367de06e9e334e4975/transformed/j
etified-kotlin-stdlib-2.2.0.jar!/META-INF/kotlin-stdlib-jdk7.kotlin_moduleModule was compiled with 
an incompatible version of Kotlin. The binary version of its metadata is 2.2.0, expected version is 
1.8.0.
e: file:///C:/Users/Lenovo/.gradle/caches/transforms-4/c1713d6f1caaed367de06e9e334e4975/transformed/j
etified-kotlin-stdlib-2.2.0.jar!/META-INF/kotlin-stdlib-jdk8.kotlin_moduleModule was compiled with 
an incompatible version of Kotlin. The binary version of its metadata is 2.2.0, expected version is 
1.8.0.
e: file:///C:/Users/Lenovo/.gradle/caches/transforms-4/c1713d6f1caaed367de06e9e334e4975/transformed/j
etified-kotlin-stdlib-2.2.0.jar!/META-INF/kotlin-stdlib.kotlin_moduleModule was compiled with an 
incompatible version of Kotlin. The binary version of its metadata is 2.2.0, expected version is 
1.8.0.
e: file:///C:/Users/Lenovo/AppData/Local/Pub/Cache/hosted/pub.dev/package_info_plus-9.0.0/android/src
/main/kotlin/dev/fluttercommunity/plus/packageinfo/PackageInfoPlugin.kt:22:9 Class 'kotlin.Unit' was 
compiled with an incompatible version of Kotlin. The binary version of its metadata is 2.2.0, 
expected version is 1.8.0.
The class is loaded from C:/Users/Lenovo/.gradle/caches/transforms-4/c1713d6f1caaed367de06e9e334e4975
/transformed/jetified-kotlin-stdlib-2.2.0.jar!/kotlin/Unit.class
e: file:///C:/Users/Lenovo/AppData/Local/Pub/Cache/hosted/pub.dev/package_info_plus-9.0.0/android/src
/main/kotlin/dev/fluttercommunity/plus/packageinfo/PackageInfoPlugin.kt:23:9 Class 'kotlin.Unit' was 
compiled with an incompatible version of Kotlin. The binary version of its metadata is 2.2.0, 
expected version is 1.8.0.
The class is loaded from C:/Users/Lenovo/.gradle/caches/transforms-4/c1713d6f1caaed367de06e9e334e4975
/transformed/jetified-kotlin-stdlib-2.2.0.jar!/kotlin/Unit.class
e: file:///C:/Users/Lenovo/AppData/Local/Pub/Cache/hosted/pub.dev/package_info_plus-9.0.0/android/src
/main/kotlin/dev/fluttercommunity/plus/packageinfo/PackageInfoPlugin.kt:24:25 Class 'kotlin.Unit' 
was compiled with an incompatible version of Kotlin. The binary version of its metadata is 2.2.0, 
expected version is 1.8.0.
The class is loaded from C:/Users/Lenovo/.gradle/caches/transforms-4/c1713d6f1caaed367de06e9e334e4975
/transformed/jetified-kotlin-stdlib-2.2.0.jar!/kotlin/Unit.class
e: file:///C:/Users/Lenovo/AppData/Local/Pub/Cache/hosted/pub.dev/package_info_plus-9.0.0/android/src
/main/kotlin/dev/fluttercommunity/plus/packageinfo/PackageInfoPlugin.kt:28:9 Class 'kotlin.Unit' was 
compiled with an incompatible version of Kotlin. The binary version of its metadata is 2.2.0, 
expected version is 1.8.0.
The class is loaded from C:/Users/Lenovo/.gradle/caches/transforms-4/c1713d6f1caaed367de06e9e334e4975
/transformed/jetified-kotlin-stdlib-2.2.0.jar!/kotlin/Unit.class
e: file:///C:/Users/Lenovo/AppData/Local/Pub/Cache/hosted/pub.dev/package_info_plus-9.0.0/android/src
/main/kotlin/dev/fluttercommunity/plus/packageinfo/PackageInfoPlugin.kt:29:25 Class 'kotlin.Unit' 
was compiled with an incompatible version of Kotlin. The binary version of its metadata is 2.2.0, 
expected version is 1.8.0.
The class is loaded from C:/Users/Lenovo/.gradle/caches/transforms-4/c1713d6f1caaed367de06e9e334e4975
/transformed/jetified-kotlin-stdlib-2.2.0.jar!/kotlin/Unit.class
e: file:///C:/Users/Lenovo/AppData/Local/Pub/Cache/hosted/pub.dev/package_info_plus-9.0.0/android/src
/main/kotlin/dev/fluttercommunity/plus/packageinfo/PackageInfoPlugin.kt:30:9 Class 'kotlin.Unit' was 
compiled with an incompatible version of Kotlin. The binary version of its metadata is 2.2.0, 
expected version is 1.8.0.
The class is loaded from C:/Users/Lenovo/.gradle/caches/transforms-4/c1713d6f1caaed367de06e9e334e4975
/transformed/jetified-kotlin-stdlib-2.2.0.jar!/kotlin/Unit.class
e: file:///C:/Users/Lenovo/AppData/Local/Pub/Cache/hosted/pub.dev/package_info_plus-9.0.0/android/src
/main/kotlin/dev/fluttercommunity/plus/packageinfo/PackageInfoPlugin.kt:34:9 Class 'kotlin.Unit' was 
compiled with an incompatible version of Kotlin. The binary version of its metadata is 2.2.0, 
expected version is 1.8.0.
The class is loaded from C:/Users/Lenovo/.gradle/caches/transforms-4/c1713d6f1caaed367de06e9e334e4975
/transformed/jetified-kotlin-stdlib-2.2.0.jar!/kotlin/Unit.class
e: file:///C:/Users/Lenovo/AppData/Local/Pub/Cache/hosted/pub.dev/package_info_plus-9.0.0/android/src
/main/kotlin/dev/fluttercommunity/plus/packageinfo/PackageInfoPlugin.kt:35:13 Class 'kotlin.Unit' 
was compiled with an incompatible version of Kotlin. The binary version of its metadata is 2.2.0, 
expected version is 1.8.0.
The class is loaded from C:/Users/Lenovo/.gradle/caches/transforms-4/c1713d6f1caaed367de06e9e334e4975
/transformed/jetified-kotlin-stdlib-2.2.0.jar!/kotlin/Unit.class
e: file:///C:/Users/Lenovo/AppData/Local/Pub/Cache/hosted/pub.dev/package_info_plus-9.0.0/android/src
/main/kotlin/dev/fluttercommunity/plus/packageinfo/PackageInfoPlugin.kt:46:31 Unresolved reference: 
HashMap
e: file:///C:/Users/Lenovo/AppData/Local/Pub/Cache/hosted/pub.dev/package_info_plus-9.0.0/android/src
/main/kotlin/dev/fluttercommunity/plus/packageinfo/PackageInfoPlugin.kt:48:21 Unresolved reference: 
put
e: file:///C:/Users/Lenovo/AppData/Local/Pub/Cache/hosted/pub.dev/package_info_plus-9.0.0/android/src
/main/kotlin/dev/fluttercommunity/plus/packageinfo/PackageInfoPlugin.kt:49:21 Unresolved reference: 
put
e: file:///C:/Users/Lenovo/AppData/Local/Pub/Cache/hosted/pub.dev/package_info_plus-9.0.0/android/src
/main/kotlin/dev/fluttercommunity/plus/packageinfo/PackageInfoPlugin.kt:50:21 Unresolved reference: 
put
e: file:///C:/Users/Lenovo/AppData/Local/Pub/Cache/hosted/pub.dev/package_info_plus-9.0.0/android/src
/main/kotlin/dev/fluttercommunity/plus/packageinfo/PackageInfoPlugin.kt:51:21 Unresolved reference: 
put
e: file:///C:/Users/Lenovo/AppData/Local/Pub/Cache/hosted/pub.dev/package_info_plus-9.0.0/android/src
/main/kotlin/dev/fluttercommunity/plus/packageinfo/PackageInfoPlugin.kt:52:49 Unresolved reference: 
put
e: file:///C:/Users/Lenovo/AppData/Local/Pub/Cache/hosted/pub.dev/package_info_plus-9.0.0/android/src
/main/kotlin/dev/fluttercommunity/plus/packageinfo/PackageInfoPlugin.kt:53:51 Unresolved reference: 
put
e: file:///C:/Users/Lenovo/AppData/Local/Pub/Cache/hosted/pub.dev/package_info_plus-9.0.0/android/src
/main/kotlin/dev/fluttercommunity/plus/packageinfo/PackageInfoPlugin.kt:54:21 Unresolved reference: 
put
e: file:///C:/Users/Lenovo/AppData/Local/Pub/Cache/hosted/pub.dev/package_info_plus-9.0.0/android/src
/main/kotlin/dev/fluttercommunity/plus/packageinfo/PackageInfoPlugin.kt:55:21 Unresolved reference: 
put
e: file:///C:/Users/Lenovo/AppData/Local/Pub/Cache/hosted/pub.dev/package_info_plus-9.0.0/android/src
/main/kotlin/dev/fluttercommunity/plus/packageinfo/PackageInfoPlugin.kt:56:26 Cannot infer a type 
for this parameter. Please specify it explicitly.
e: file:///C:/Users/Lenovo/AppData/Local/Pub/Cache/hosted/pub.dev/package_info_plus-9.0.0/android/src
/main/kotlin/dev/fluttercommunity/plus/packageinfo/PackageInfoPlugin.kt:57:28 Class 'kotlin.Unit' 
was compiled with an incompatible version of Kotlin. The binary version of its metadata is 2.2.0, 
expected version is 1.8.0.
The class is loaded from C:/Users/Lenovo/.gradle/caches/transforms-4/c1713d6f1caaed367de06e9e334e4975
/transformed/jetified-kotlin-stdlib-2.2.0.jar!/kotlin/Unit.class
e: file:///C:/Users/Lenovo/AppData/Local/Pub/Cache/hosted/pub.dev/package_info_plus-9.0.0/android/src
/main/kotlin/dev/fluttercommunity/plus/packageinfo/PackageInfoPlugin.kt:60:24 Class 'kotlin.Unit' 
was compiled with an incompatible version of Kotlin. The binary version of its metadata is 2.2.0, 
expected version is 1.8.0.
The class is loaded from C:/Users/Lenovo/.gradle/caches/transforms-4/c1713d6f1caaed367de06e9e334e4975
/transformed/jetified-kotlin-stdlib-2.2.0.jar!/kotlin/Unit.class
e: file:///C:/Users/Lenovo/AppData/Local/Pub/Cache/hosted/pub.dev/package_info_plus-9.0.0/android/src
/main/kotlin/dev/fluttercommunity/plus/packageinfo/PackageInfoPlugin.kt:63:20 Class 'kotlin.Unit' 
was compiled with an incompatible version of Kotlin. The binary version of its metadata is 2.2.0, 
expected version is 1.8.0.
The class is loaded from C:/Users/Lenovo/.gradle/caches/transforms-4/c1713d6f1caaed367de06e9e334e4975
/transformed/jetified-kotlin-stdlib-2.2.0.jar!/kotlin/Unit.class
e: file:///C:/Users/Lenovo/AppData/Local/Pub/Cache/hosted/pub.dev/package_info_plus-9.0.0/android/src
/main/kotlin/dev/fluttercommunity/plus/packageinfo/PackageInfoPlugin.kt:77:14 Class 
'kotlin.Suppress' was compiled with an incompatible version of Kotlin. The binary version of its 
metadata is 2.2.0, expected version is 1.8.0.
The class is loaded from C:/Users/Lenovo/.gradle/caches/transforms-4/c1713d6f1caaed367de06e9e334e4975
/transformed/jetified-kotlin-stdlib-2.2.0.jar!/kotlin/Suppress.class
e: file:///C:/Users/Lenovo/AppData/Local/Pub/Cache/hosted/pub.dev/package_info_plus-9.0.0/android/src
/main/kotlin/dev/fluttercommunity/plus/packageinfo/PackageInfoPlugin.kt:82:6 Class 'kotlin.Suppress' 
was compiled with an incompatible version of Kotlin. The binary version of its metadata is 2.2.0, 
expected version is 1.8.0.
The class is loaded from C:/Users/Lenovo/.gradle/caches/transforms-4/c1713d6f1caaed367de06e9e334e4975
/transformed/jetified-kotlin-stdlib-2.2.0.jar!/kotlin/Suppress.class
e: file:///C:/Users/Lenovo/AppData/Local/Pub/Cache/hosted/pub.dev/package_info_plus-9.0.0/android/src
/main/kotlin/dev/fluttercommunity/plus/packageinfo/PackageInfoPlugin.kt:91:6 Class 'kotlin.Suppress' 
was compiled with an incompatible version of Kotlin. The binary version of its metadata is 2.2.0, 
expected version is 1.8.0.
The class is loaded from C:/Users/Lenovo/.gradle/caches/transforms-4/c1713d6f1caaed367de06e9e334e4975
/transformed/jetified-kotlin-stdlib-2.2.0.jar!/kotlin/Suppress.class
e: file:///C:/Users/Lenovo/AppData/Local/Pub/Cache/hosted/pub.dev/package_info_plus-9.0.0/android/src
/main/kotlin/dev/fluttercommunity/plus/packageinfo/PackageInfoPlugin.kt:102:70 Unresolved reference: 
first
e: file:///C:/Users/Lenovo/AppData/Local/Pub/Cache/hosted/pub.dev/package_info_plus-9.0.0/android/src
/main/kotlin/dev/fluttercommunity/plus/packageinfo/PackageInfoPlugin.kt:104:77 Unresolved reference: 
first
e: file:///C:/Users/Lenovo/AppData/Local/Pub/Cache/hosted/pub.dev/package_info_plus-9.0.0/android/src
/main/kotlin/dev/fluttercommunity/plus/packageinfo/PackageInfoPlugin.kt:113:32 Unresolved reference: 
isNullOrEmpty
e: file:///C:/Users/Lenovo/AppData/Local/Pub/Cache/hosted/pub.dev/package_info_plus-9.0.0/android/src
/main/kotlin/dev/fluttercommunity/plus/packageinfo/PackageInfoPlugin.kt:113:62 Unresolved reference: 
first
e: file:///C:/Users/Lenovo/AppData/Local/Pub/Cache/hosted/pub.dev/package_info_plus-9.0.0/android/src
/main/kotlin/dev/fluttercommunity/plus/packageinfo/PackageInfoPlugin.kt:116:50 Unresolved reference: 
first
e: file:///C:/Users/Lenovo/AppData/Local/Pub/Cache/hosted/pub.dev/package_info_plus-9.0.0/android/src
/main/kotlin/dev/fluttercommunity/plus/packageinfo/PackageInfoPlugin.kt:127:6 Class 
'kotlin.jvm.Throws' was compiled with an incompatible version of Kotlin. The binary version of its 
metadata is 2.2.0, expected version is 1.8.0.
The class is loaded from C:/Users/Lenovo/.gradle/caches/transforms-4/c1713d6f1caaed367de06e9e334e4975
/transformed/jetified-kotlin-stdlib-2.2.0.jar!/kotlin/jvm/Throws.class
e: file:///C:/Users/Lenovo/AppData/Local/Pub/Cache/hosted/pub.dev/package_info_plus-9.0.0/android/src
/main/kotlin/dev/fluttercommunity/plus/packageinfo/PackageInfoPlugin.kt:130:16 Class 'kotlin.Unit' 
was compiled with an incompatible version of Kotlin. The binary version of its metadata is 2.2.0, 
expected version is 1.8.0.
The class is loaded from C:/Users/Lenovo/.gradle/caches/transforms-4/c1713d6f1caaed367de06e9e334e4975
/transformed/jetified-kotlin-stdlib-2.2.0.jar!/kotlin/Unit.class
e: file:///C:/Users/Lenovo/AppData/Local/Pub/Cache/hosted/pub.dev/package_info_plus-9.0.0/android/src
/main/kotlin/dev/fluttercommunity/plus/packageinfo/PackageInfoPlugin.kt:142:25 Unresolved reference: 
indices
e: file:///C:/Users/Lenovo/AppData/Local/Pub/Cache/hosted/pub.dev/package_info_plus-9.0.0/android/src
/main/kotlin/dev/fluttercommunity/plus/packageinfo/PackageInfoPlugin.kt:144:13 Class 'kotlin.Unit' 
was compiled with an incompatible version of Kotlin. The binary version of its metadata is 2.2.0, 
expected version is 1.8.0.
The class is loaded from C:/Users/Lenovo/.gradle/caches/transforms-4/c1713d6f1caaed367de06e9e334e4975
/transformed/jetified-kotlin-stdlib-2.2.0.jar!/kotlin/Unit.class
e: file:///C:/Users/Lenovo/AppData/Local/Pub/Cache/hosted/pub.dev/package_info_plus-9.0.0/android/src
/main/kotlin/dev/fluttercommunity/plus/packageinfo/PackageInfoPlugin.kt:145:13 Class 'kotlin.Unit' 
was compiled with an incompatible version of Kotlin. The binary version of its metadata is 2.2.0, 
expected version is 1.8.0.
The class is loaded from C:/Users/Lenovo/.gradle/caches/transforms-4/c1713d6f1caaed367de06e9e334e4975
/transformed/jetified-kotlin-stdlib-2.2.0.jar!/kotlin/Unit.class
e: file:///C:/Users/Lenovo/AppData/Local/Pub/Cache/hosted/pub.dev/package_info_plus-9.0.0/android/src
/main/kotlin/dev/fluttercommunity/plus/packageinfo/PackageInfoPlugin.kt:147:23 Too many arguments 
for public constructor String() defined in kotlin.String

FAILURE: Build failed with an exception.

* What went wrong:
Execution failed for task ':package_info_plus:compileReleaseKotlin'.
> A failure occurred while executing 
org.jetbrains.kotlin.compilerRunner.GradleCompilerRunnerWithWorkers$GradleKotlinCompilerWorkAction
   > Compilation error. See log for more details

* Try:
> Run with --stacktrace option to get the stack trace.
> Run with --info or --debug option to get more log output.
> Run with --scan to get full insights.
> Get more help at https://help.gradle.org.

BUILD FAILED in 18s
Running Gradle task 'bundleRelease'...                             19.4s

ΓöîΓöÇ Flutter Fix ΓöÇΓöÇΓöÇΓöÇΓöÇΓöÇΓöÇΓöÇΓöÇΓöÇΓöÇΓöÇΓöÇΓöÇΓöÇΓöÇΓöÇΓöÇΓöÇΓöÇΓöÇΓöÇΓöÇΓöÇΓöÇΓöÇΓöÇΓöÇΓöÇΓöÇΓöÇΓöÇΓöÇΓöÇΓöÇΓöÇΓöÇΓöÇΓöÇΓöÇΓöÇΓöÇΓöÇΓöÇΓöÇΓöÇΓöÇΓöÇΓöÇΓöÇΓöÇΓöÇΓöÇΓöÇΓöÇΓöÇΓöÇΓöÇΓöÇΓöÇΓöÇΓöÇΓöÇΓöÇΓöÇΓöÇΓöÇΓöÇΓöÇΓöÇΓöÇΓöÇΓöÇΓöÇΓöÇΓöÇΓöÇΓöÇΓöÇΓöÇΓöÉ
Γöé [!] Your project requires a newer version of the Kotlin Gradle plugin.                       Γöé
Γöé Find the latest version on https://kotlinlang.org/docs/releases.html#release-details, then   Γöé
Γöé update the                                                                                   Γöé
Γöé version number of the plugin with id "org.jetbrains.kotlin.android" in the plugins block of  Γöé
Γöé C:\cardio_aid\android\settings.gradle.                                                       Γöé
Γöé                                                                                              Γöé
Γöé Alternatively (if your project was created before Flutter 3.19), update                      Γöé
Γöé C:\cardio_aid\android\build.gradle                                                           Γöé
Γöé ext.kotlin_version = '<latest-version>'                                                      Γöé
ΓööΓöÇΓöÇΓöÇΓöÇΓöÇΓöÇΓöÇΓöÇΓöÇΓöÇΓöÇΓöÇΓöÇΓöÇΓöÇΓöÇΓöÇΓöÇΓöÇΓöÇΓöÇΓöÇΓöÇΓöÇΓöÇΓöÇΓöÇΓöÇΓöÇΓöÇΓöÇΓöÇΓöÇΓöÇΓöÇΓöÇΓöÇΓöÇΓöÇΓöÇΓöÇΓöÇΓöÇΓöÇΓöÇΓöÇΓöÇΓöÇΓöÇΓöÇΓöÇΓöÇΓöÇΓöÇΓöÇΓöÇΓöÇΓöÇΓöÇΓöÇΓöÇΓöÇΓöÇΓöÇΓöÇΓöÇΓöÇΓöÇΓöÇΓöÇΓöÇΓöÇΓöÇΓöÇΓöÇΓöÇΓöÇΓöÇΓöÇΓöÇΓöÇΓöÇΓöÇΓöÇΓöÇΓöÇΓöÇΓöÇΓöÇΓöÇΓöÇΓöÇΓöÇΓöÇΓöÿ
Gradle task bundleRelease failed with exit code 1
